<packaging>jar</packaging>
<packaging>jar</packaging>