

  X -- Y -- Z .. H .. K


a/b/cx/y/z wuff wuff



   --  X  --  --  Y  --  --  Z .. H .. K


abc