hallo Misi
hello Matyi

hallo "Misi
Matyi
Nagyi
Anya \ Apa"
hello Eszti
